Component: Arm Compiler for Embedded 6.19 Tool: armlink [5e73cb00]

==============================================================================

Section Cross References

    main.o(.text.USART2_IRQHandler) refers to main.o(.bss.k) for k
    main.o(.text.USART2_IRQHandler) refers to main.o(.bss.input_buffer) for input_buffer
    main.o(.text.USART2_IRQHandler) refers to main.o(.bss.Flag) for Flag
    main.o(.ARM.exidx.text.USART2_IRQHandler) refers to main.o(.text.USART2_IRQHandler) for [Anonymous Symbol]
    main.o(.text.StringParsing) refers to main.o(.rodata.str1.1) for .L.str
    main.o(.text.StringParsing) refers to usart.o(.text.UART_SendString) for UART_SendString
    main.o(.text.StringParsing) refers to main.o(.bss.str1) for str1
    main.o(.text.StringParsing) refers to main.o(.bss.str2) for str2
    main.o(.text.StringParsing) refers to sscanf.o(.text) for sscanf
    main.o(.text.StringParsing) refers to strcmpv7em.o(.text) for strcmp
    main.o(.text.StringParsing) refers to main.o(.data.u1) for u1
    main.o(.text.StringParsing) refers to main.o(.data.R1) for R1
    main.o(.text.StringParsing) refers to main.o(.data.Y1) for Y1
    main.o(.text.StringParsing) refers to main.o(.data.G1) for G1
    main.o(.text.StringParsing) refers to main.o(.bss.ch) for ch
    main.o(.text.StringParsing) refers to main.o(.data.u2) for u2
    main.o(.text.StringParsing) refers to main.o(.data.R2) for R2
    main.o(.text.StringParsing) refers to main.o(.data.Y2) for Y2
    main.o(.text.StringParsing) refers to main.o(.data.G2) for G2
    main.o(.text.StringParsing) refers to main.o(.data.trafficTime) for trafficTime
    main.o(.text.StringParsing) refers to main.o(.text.AllStatusPrint) for AllStatusPrint
    main.o(.ARM.exidx.text.StringParsing) refers to main.o(.text.StringParsing) for [Anonymous Symbol]
    main.o(.text.AllStatusPrint) refers to main.o(.bss.TotalTimeCount) for TotalTimeCount
    main.o(.text.AllStatusPrint) refers to main.o(.data.trafficTime) for trafficTime
    main.o(.text.AllStatusPrint) refers to main.o(.bss.Log) for Log
    main.o(.text.AllStatusPrint) refers to usart.o(.text.UART_SendString) for UART_SendString
    main.o(.ARM.exidx.text.AllStatusPrint) refers to main.o(.text.AllStatusPrint) for [Anonymous Symbol]
    main.o(.text.I2CMem_write) refers to main.o(.bss.j) for j
    main.o(.text.I2CMem_write) refers to i2c.o(.text.I2C_Start) for I2C_Start
    main.o(.text.I2CMem_write) refers to i2c.o(.text.I2C_Address) for I2C_Address
    main.o(.text.I2CMem_write) refers to i2c.o(.text.I2C_WriteMulti) for I2C_WriteMulti
    main.o(.ARM.exidx.text.I2CMem_write) refers to main.o(.text.I2CMem_write) for [Anonymous Symbol]
    main.o(.text.TIM6_DAC_IRQHandler) refers to main.o(.bss.TotalTimeCount) for TotalTimeCount
    main.o(.text.TIM6_DAC_IRQHandler) refers to main.o(.text.ShowStatus) for ShowStatus
    main.o(.ARM.exidx.text.TIM6_DAC_IRQHandler) refers to main.o(.text.TIM6_DAC_IRQHandler) for [Anonymous Symbol]
    main.o(.text.ShowStatus) refers to main.o(.bss.TotalTimeCount) for TotalTimeCount
    main.o(.text.ShowStatus) refers to main.o(.bss.reply) for reply
    main.o(.text.ShowStatus) refers to main.o(.rodata.str1.1) for .L.str.4
    main.o(.text.ShowStatus) refers to sprintf.o(.text) for sprintf
    main.o(.text.ShowStatus) refers to strcat.o(.text) for strcat
    main.o(.text.ShowStatus) refers to gpio.o(.text.GPIO_ReadPin) for GPIO_ReadPin
    main.o(.text.ShowStatus) refers to main.o(.bss.Log) for Log
    main.o(.text.ShowStatus) refers to strcpy.o(.text) for strcpy
    main.o(.ARM.exidx.text.ShowStatus) refers to main.o(.text.ShowStatus) for [Anonymous Symbol]
    main.o(.text.ControlToTraffic) refers to main.o(.text.I2CMem_write) for I2CMem_write
    main.o(.ARM.exidx.text.ControlToTraffic) refers to main.o(.text.ControlToTraffic) for [Anonymous Symbol]
    main.o(.text.I2C2_EV_IRQHandler) refers to main.o(.bss.j) for j
    main.o(.text.I2C2_EV_IRQHandler) refers to main.o(.bss.output_buffer) for output_buffer
    main.o(.text.I2C2_EV_IRQHandler) refers to main.o(.rodata.str1.1) for .L.str.15
    main.o(.text.I2C2_EV_IRQHandler) refers to usart.o(.text.UART_SendString) for UART_SendString
    main.o(.text.I2C2_EV_IRQHandler) refers to strlen.o(.text) for strlen
    main.o(.text.I2C2_EV_IRQHandler) refers to main.o(.text.StringParsing) for StringParsing
    main.o(.text.I2C2_EV_IRQHandler) refers to strcpy.o(.text) for strcpy
    main.o(.ARM.exidx.text.I2C2_EV_IRQHandler) refers to main.o(.text.I2C2_EV_IRQHandler) for [Anonymous Symbol]
    main.o(.text.AllReset) refers to gpio.o(.text.GPIO_WritePin) for GPIO_WritePin
    main.o(.ARM.exidx.text.AllReset) refers to main.o(.text.AllReset) for [Anonymous Symbol]
    main.o(.text.main) refers to clock.o(.text.initClock) for initClock
    main.o(.text.main) refers to sys_init.o(.text.sysInit) for sysInit
[...]
    x$fpl$dnaninf                            0x08004a74   Section      156  dnaninf.o(x$fpl$dnaninf)
    $v0                                      0x08004b10   Number         0  dretinf.o(x$fpl$dretinf)
    x$fpl$dretinf                            0x08004b10   Section       12  dretinf.o(x$fpl$dretinf)
    $v0                                      0x08004b1c   Number         0  drleqf.o(x$fpl$drleqf)
    x$fpl$drleqf                             0x08004b1c   Section      108  drleqf.o(x$fpl$drleqf)
    $v0                                      0x08004b88   Number         0  fpinit.o(x$fpl$fpinit)
    x$fpl$fpinit                             0x08004b88   Section       26  fpinit.o(x$fpl$fpinit)
    $v0                                      0x08004ba2   Number         0  fretinf.o(x$fpl$fretinf)
    x$fpl$fretinf                            0x08004ba2   Section       10  fretinf.o(x$fpl$fretinf)
    $v0                                      0x08004bac   Number         0  istatus.o(x$fpl$ieeestatus)
    x$fpl$ieeestatus                         0x08004bac   Section        6  istatus.o(x$fpl$ieeestatus)
    $v0                                      0x08004bb2   Number         0  printf1.o(x$fpl$printf1)
    x$fpl$printf1                            0x08004bb2   Section        4  printf1.o(x$fpl$printf1)
    $v0                                      0x08004bb6   Number         0  printf2.o(x$fpl$printf2)
    x$fpl$printf2                            0x08004bb6   Section        4  printf2.o(x$fpl$printf2)
    $v0                                      0x08004bba   Number         0  retnan.o(x$fpl$retnan)
    x$fpl$retnan                             0x08004bba   Section      100  retnan.o(x$fpl$retnan)
    $v0                                      0x08004c1e   Number         0  scalbn.o(x$fpl$scalbn)
    x$fpl$scalbn                             0x08004c1e   Section       92  scalbn.o(x$fpl$scalbn)
    $v0                                      0x08004c7a   Number         0  scanf1.o(x$fpl$scanf1)
    x$fpl$scanf1                             0x08004c7a   Section        4  scanf1.o(x$fpl$scanf1)
    $v0                                      0x08004c7e   Number         0  scanf2.o(x$fpl$scanf2)
    x$fpl$scanf2                             0x08004c7e   Section        8  scanf2.o(x$fpl$scanf2)
    $v0                                      0x08004c86   Number         0  trapv.o(x$fpl$trapveneer)
    x$fpl$trapveneer                         0x08004c86   Section       48  trapv.o(x$fpl$trapveneer)
    x$fpl$usenofp                            0x08004cb6   Section        0  usenofp.o(x$fpl$usenofp)
    initial_mbstate                          0x08004cb8   Data           8  _printf_wctomb.o(.constdata)
    .constdata                               0x08004cb8   Section        8  _printf_wctomb.o(.constdata)
    uc_hextab                                0x08004cc0   Data          20  _printf_hex_int_ll_ptr.o(.constdata)
    .constdata                               0x08004cc0   Section       40  _printf_hex_int_ll_ptr.o(.constdata)
    lc_hextab                                0x08004cd4   Data          20  _printf_hex_int_ll_ptr.o(.constdata)
    maptable                                 0x08004ce8   Data          17  __printf_flags_ss_wp.o(.constdata)
    .constdata                               0x08004ce8   Section       17  __printf_flags_ss_wp.o(.constdata)
    lc_hextab                                0x08004cf9   Data          19  _printf_fp_hex.o(.constdata)
    .constdata                               0x08004cf9   Section       38  _printf_fp_hex.o(.constdata)
    uc_hextab                                0x08004d0c   Data          19  _printf_fp_hex.o(.constdata)
    tenpwrs_x                                0x08004d20   Data          60  bigflt0.o(.constdata)
    .constdata                               0x08004d20   Section      148  bigflt0.o(.constdata)
    tenpwrs_i                                0x08004d5c   Data          64  bigflt0.o(.constdata)
    .L.str.15                                0x08004db4   Data          16  main.o(.rodata.str1.1)
    [Anonymous Symbol]                       0x08004db4   Section        0  main.o(.rodata.str1.1)
    .L.str.9                                 0x08004dc4   Data           6  main.o(.rodata.str1.1)
    .L.str.8                                 0x08004dca   Data           5  main.o(.rodata.str1.1)
    .L.str.13                                0x08004dcf   Data          17  main.o(.rodata.str1.1)
    .L.str.12                                0x08004de0   Data          17  main.o(.rodata.str1.1)
    .L.str                                   0x08004df1   Data          24  main.o(.rodata.str1.1)
    .L.str.5                                 0x08004e09   Data          17  main.o(.rodata.str1.1)
    .L.str.10                                0x08004e1a   Data          17  main.o(.rodata.str1.1)
    .L.str.7                                 0x08004e2b   Data           5  main.o(.rodata.str1.1)
    .L.str.6                                 0x08004e30   Data           4  main.o(.rodata.str1.1)
    .L.str.3                                 0x08004e34   Data          30  main.o(.rodata.str1.1)
    .L.str.1                                 0x08004e52   Data           9  main.o(.rodata.str1.1)
    .L.str.4                                 0x08004e58   Data           3  main.o(.rodata.str1.1)
    .L.str.18                                0x08004e5b   Data          11  main.o(.rodata.str1.1)
    .L.str.11                                0x08004e66   Data          18  main.o(.rodata.str1.1)
    .L.str.17                                0x08004e78   Data          12  main.o(.rodata.str1.1)
    .L.str.2                                 0x08004e84   Data           6  main.o(.rodata.str1.1)
    .L.str.14                                0x08004e8a   Data          16  main.o(.rodata.str1.1)
    .L.str.16                                0x08004e99   Data           1  main.o(.rodata.str1.1)
    .L.str                                   0x08004e9a   Data          13  i2c.o(.rodata.str1.1)
    [Anonymous Symbol]                       0x08004e9a   Section        0  i2c.o(.rodata.str1.1)
    c$$dinf                                  0x08004ec8   Section        8  fpconst.o(c$$dinf)
    c$$dmax                                  0x08004ed0   Section        8  fpconst.o(c$$dmax)
    locale$$data                             0x08004ed8   Section       28  lc_numeric_c.o(locale$$data)
    __lcnum_c_name                           0x08004edc   Data           2  lc_numeric_c.o(locale$$data)
    __lcnum_c_start                          0x08004ee4   Data           0  lc_numeric_c.o(locale$$data)
    __lcnum_c_point                          0x08004ef0   Data           0  lc_numeric_c.o(locale$$data)
    __lcnum_c_thousands                      0x08004ef2   Data           0  lc_numeric_c.o(locale$$data)
    __lcnum_c_grouping                       0x08004ef3   Data           0  lc_numeric_c.o(locale$$data)
    __lcnum_c_end                            0x08004ef4   Data           0  lc_numeric_c.o(locale$$data)
    locale$$data                             0x08004ef4   Section      272  lc_ctype_c.o(locale$$data)
    __lcctype_c_name                         0x08004ef8   Data           2  lc_ctype_c.o(locale$$data)
    __lcctype_c_start                        0x08004f00   Data           0  lc_ctype_c.o(locale$$data)
    __lcctype_c_end                          0x08005004   Data           0  lc_ctype_c.o(locale$$data)
    G1                                       0x20000000   Data           4  main.o(.data.G1)
    [Anonymous Symbol]                       0x20000000   Section        0  main.o(.data.G1)
    G2                                       0x20000004   Data           4  main.o(.data.G2)
    [Anonymous Symbol]                       0x20000004   Section        0  main.o(.data.G2)
    R1                                       0x20000008   Data           4  main.o(.data.R1)
    [Anonymous Symbol]                       0x20000008   Section        0  main.o(.data.R1)
    R2                                       0x2000000c   Data           4  main.o(.data.R2)
    [Anonymous Symbol]                       0x2000000c   Section        0  main.o(.data.R2)
    Y1                                       0x20000010   Data           4  main.o(.data.Y1)
    [Anonymous Symbol]                       0x20000010   Section        0  main.o(.data.Y1)
    Y2                                       0x20000014   Data           4  main.o(.data.Y2)
    [Anonymous Symbol]                       0x20000014   Section        0  main.o(.data.Y2)
    u1                                       0x2000001c   Data           4  main.o(.data.u1)
    [Anonymous Symbol]                       0x2000001c   Section        0  main.o(.data.u1)
    u2                                       0x20000020   Data           4  main.o(.data.u2)
    [Anonymous Symbol]                       0x20000020   Section        0  main.o(.data.u2)
    .bss                                     0x20000028   Section      228  rand.o(.bss)
    .bss                                     0x2000010c   Section       96  libspace.o(.bss)
    Log                                      0x20000170   Data       100000  main.o(.bss.Log)
    [Anonymous Symbol]                       0x20000170   Section        0  main.o(.bss.Log)
    ch                                       0x20018814   Data           1  main.o(.bss.ch)
    [Anonymous Symbol]                       0x20018814   Section        0  main.o(.bss.ch)
    input_buffer                             0x20018815   Data         100  main.o(.bss.input_buffer)
    [Anonymous Symbol]                       0x20018815   Section        0  main.o(.bss.input_buffer)
    j                                        0x2001887c   Data           4  main.o(.bss.j)
    [Anonymous Symbol]                       0x2001887c   Section        0  main.o(.bss.j)
    k                                        0x20018880   Data           4  main.o(.bss.k)
    [Anonymous Symbol]                       0x20018880   Section        0  main.o(.bss.k)
    msTicks                                  0x20018884   Data           4  sys_init.o(.bss.msTicks)
    [Anonymous Symbol]                       0x20018884   Section        0  sys_init.o(.bss.msTicks)
    output_buffer                            0x20018888   Data         100  main.o(.bss.output_buffer)
    [Anonymous Symbol]                       0x20018888   Section        0  main.o(.bss.output_buffer)
    reply                                    0x200188ec   Data         100  main.o(.bss.reply)
    [Anonymous Symbol]                       0x200188ec   Section        0  main.o(.bss.reply)
    str1                                     0x20018950   Data          50  main.o(.bss.str1)
    [Anonymous Symbol]                       0x20018950   Section        0  main.o(.bss.str1)
    str2                                     0x20018982   Data          50  main.o(.bss.str2)
    [Anonymous Symbol]                       0x20018982   Section        0  main.o(.bss.str2)
    Heap_Mem                                 0x200189b8   Data         512  startup_stm32f446xx.o(HEAP)
    HEAP                                     0x200189b8   Section      512  startup_stm32f446xx.o(HEAP)
    Stack_Mem                                0x20018bb8   Data        1024  startup_stm32f446xx.o(STACK)
    STACK                                    0x20018bb8   Section     1024  startup_stm32f446xx.o(STACK)
    __initial_sp                             0x20018fb8   Data           0  startup_stm32f446xx.o(STACK)

    Global Symbols

    Symbol Name                              Value     Ov Type        Size  Object(Section)

    BuildAttributes$$THM_ISAv4$E$P$D$K$B$S$7EM$VFPi3$EXTD16$VFPS$VFMA$PE$A:L22UL41UL21$X:L11$S22US41US21$IEEE1$IW$~IW$USESV6$~STKCKD$USESV7$~SHL$OTIME$ROPI$IEEEX$EBA8$UX$STANDARDLIB$REQ8$PRES8$EABIv2 0x00000000   Number         0  anon$$obj.o ABSOLUTE
    _printf_flags                            0x00000000   Number         0  printf_stubs.o ABSOLUTE
    _printf_return_value                     0x00000000   Number         0  printf_stubs.o ABSOLUTE
    _printf_sizespec                         0x00000000   Number         0  printf_stubs.o ABSOLUTE
    _printf_widthprec                        0x00000000   Number         0  printf_stubs.o ABSOLUTE
    __ARM_exceptions_init                     - Undefined Weak Reference
    __alloca_initialize                       - Undefined Weak Reference
    __arm_preinit_                            - Undefined Weak Reference
    __arm_relocate_pie_                       - Undefined Weak Reference
    __cpp_initialize__aeabi_                  - Undefined Weak Reference
    __cxa_finalize                            - Undefined Weak Reference
    __sigvec_lookup                           - Undefined Weak Reference
    _atexit_init                              - Undefined Weak Reference
    _call_atexit_fns                          - Undefined Weak Reference
    _clock_init                               - Undefined Weak Reference
    _fp_trap_init                             - Undefined Weak Reference
    _fp_trap_shutdown                         - Undefined Weak Reference
    _get_lc_collate                           - Undefined Weak Reference
    _get_lc_monetary                          - Undefined Weak Reference
    _get_lc_time                              - Undefined Weak Reference
    _getenv_init                              - Undefined Weak Reference
    _handle_redirection                       - Undefined Weak Reference
    _init_alloc                               - Undefined Weak Reference
    _init_user_alloc                          - Undefined Weak Reference
    _initio                                   - Undefined Weak Reference
    _printf_mbtowc                            - Undefined Weak Reference
    _printf_wc                                - Undefined Weak Reference
    _signal_finish                            - Undefined Weak Reference
    _signal_init                              - Undefined Weak Reference
    _terminate_alloc                          - Undefined Weak Reference
    _terminate_user_alloc                     - Undefined Weak Reference
    _terminateio                              - Undefined Weak Reference
    __Vectors_Size                           0x000001c4   Number         0  startup_stm32f446xx.o ABSOLUTE
    __Vectors                                0x08000000   Data           4  startup_stm32f446xx.o(RESET)
    __Vectors_End                            0x080001c4   Data           0  startup_stm32f446xx.o(RESET)
    __main                                   0x080001c5   Thumb Code     8  __main.o(!!!main)
    __scatterload                            0x080001cd   Thumb Code     0  __scatter.o(!!!scatter)
    __scatterload_rt2                        0x080001cd   Thumb Code    44  __scatter.o(!!!scatter)
    __scatterload_rt2_thumb_only             0x080001cd   Thumb Code     0  __scatter.o(!!!scatter)
    __scatterload_null                       0x080001db   Thumb Code     0  __scatter.o(!!!scatter)
    __scatterload_copy                       0x08000201   Thumb Code    26  __scatter_copy.o(!!handler_copy)
    __scatterload_zeroinit                   0x0800021d   Thumb Code    28  __scatter_zi.o(!!handler_zi)
    _printf_n                                0x08000239   Thumb Code     0  _printf_n.o(.ARM.Collect$$_printf_percent$$00000001)
    _printf_percent                          0x08000239   Thumb Code     0  _printf_percent.o(.ARM.Collect$$_printf_percent$$00000000)
    _printf_p                                0x0800023f   Thumb Code     0  _printf_p.o(.ARM.Collect$$_printf_percent$$00000002)
    _printf_f                                0x08000245   Thumb Code     0  _printf_f.o(.ARM.Collect$$_printf_percent$$00000003)
    _printf_e                                0x0800024b   Thumb Code     0  _printf_e.o(.ARM.Collect$$_printf_percent$$00000004)
    _printf_g                                0x08000251   Thumb Code     0  _printf_g.o(.ARM.Collect$$_printf_percent$$00000005)
    _printf_a                                0x08000257   Thumb Code     0  _printf_a.o(.ARM.Collect$$_printf_percent$$00000006)
    _printf_ll                               0x0800025d   Thumb Code     0  _printf_ll.o(.ARM.Collect$$_printf_percent$$00000007)
    _printf_i                                0x08000267   Thumb Code     0  _printf_i.o(.ARM.Collect$$_printf_percent$$00000008)
    _printf_d                                0x0800026d   Thumb Code     0  _printf_d.o(.ARM.Collect$$_printf_percent$$00000009)
    _printf_u                                0x08000273   Thumb Code     0  _printf_u.o(.ARM.Collect$$_printf_percent$$0000000A)
    _printf_o                                0x08000279   Thumb Code     0  _printf_o.o(.ARM.Collect$$_printf_percent$$0000000B)
    _printf_x                                0x0800027f   Thumb Code     0  _printf_x.o(.ARM.Collect$$_printf_percent$$0000000C)
    _printf_lli                              0x08000285   Thumb Code     0  _printf_lli.o(.ARM.Collect$$_printf_percent$$0000000D)
    _printf_lld                              0x0800028b   Thumb Code     0  _printf_lld.o(.ARM.Collect$$_printf_percent$$0000000E)
    _printf_llu                              0x08000291   Thumb Code     0  _printf_llu.o(.ARM.Collect$$_printf_percent$$0000000F)
    _printf_llo                              0x08000297   Thumb Code     0  _printf_llo.o(.ARM.Collect$$_printf_percent$$00000010)
    _printf_llx                              0x0800029d   Thumb Code     0  _printf_llx.o(.ARM.Collect$$_printf_percent$$00000011)
    _printf_l                                0x080002a3   Thumb Code     0  _printf_l.o(.ARM.Collect$$_printf_percent$$00000012)
    _printf_c                                0x080002ad   Thumb Code     0  _printf_c.o(.ARM.Collect$$_printf_percent$$00000013)
    _printf_s                                0x080002b3   Thumb Code     0  _printf_s.o(.ARM.Collect$$_printf_percent$$00000014)
    _printf_lc                               0x080002b9   Thumb Code     0  _printf_lc.o(.ARM.Collect$$_printf_percent$$00000015)
    _printf_ls                               0x080002bf   Thumb Code     0  _printf_ls.o(.ARM.Collect$$_printf_percent$$00000016)
    _printf_percent_end                      0x080002c5   Thumb Code     0  _printf_percent_end.o(.ARM.Collect$$_printf_percent$$00000017)
    __rt_lib_init                            0x080002c9   Thumb Code     0  libinit.o(.ARM.Collect$$libinit$$00000000)
    __rt_lib_init_fp_1                       0x080002cb   Thumb Code     0  libinit2.o(.ARM.Collect$$libinit$$00000001)
    __rt_lib_init_heap_1                     0x080002cf   Thumb Code     0  libinit2.o(.ARM.Collect$$libinit$$0000000C)
    __rt_lib_init_preinit_1                  0x080002cf   Thumb Code     0  libinit2.o(.ARM.Collect$$libinit$$00000006)
    __rt_lib_init_rand_2                     0x080002cf   Thumb Code     0  libinit2.o(.ARM.Collect$$libinit$$0000000F)
    __rt_lib_init_relocate_pie_1             0x080002cf   Thumb Code     0  libinit2.o(.ARM.Collect$$libinit$$00000004)
    __rt_lib_init_user_alloc_1               0x080002cf   Thumb Code     0  libinit2.o(.ARM.Collect$$libinit$$0000000E)
    __rt_lib_init_lc_common                  0x080002d3   Thumb Code     0  libinit2.o(.ARM.Collect$$libinit$$00000011)
    __rt_lib_init_rand_1                     0x080002d3   Thumb Code     0  libinit2.o(.ARM.Collect$$libinit$$00000010)
    __rt_lib_init_lc_collate_1               0x080002d9   Thumb Code     0  libinit2.o(.ARM.Collect$$libinit$$00000013)
    __rt_lib_init_lc_ctype_2                 0x080002d9   Thumb Code     0  libinit2.o(.ARM.Collect$$libinit$$00000014)
    __rt_lib_init_lc_ctype_1                 0x080002e5   Thumb Code     0  libinit2.o(.ARM.Collect$$libinit$$00000015)
    __rt_lib_init_lc_monetary_1              0x080002e5   Thumb Code     0  libinit2.o(.ARM.Collect$$libinit$$00000017)
    __rt_lib_init_lc_numeric_2               0x080002e5   Thumb Code     0  libinit2.o(.ARM.Collect$$libinit$$00000018)
    __rt_lib_init_alloca_1                   0x080002ef   Thumb Code     0  libinit2.o(.ARM.Collect$$libinit$$00000030)
    __rt_lib_init_argv_1                     0x080002ef   Thumb Code     0  libinit2.o(.ARM.Collect$$libinit$$0000002E)
    __rt_lib_init_atexit_1                   0x080002ef   Thumb Code     0  libinit2.o(.ARM.Collect$$libinit$$0000001D)
    __rt_lib_init_clock_1                    0x080002ef   Thumb Code     0  libinit2.o(.ARM.Collect$$libinit$$00000023)
    __rt_lib_init_cpp_1                      0x080002ef   Thumb Code     0  libinit2.o(.ARM.Collect$$libinit$$00000034)
    __rt_lib_init_exceptions_1               0x080002ef   Thumb Code     0  libinit2.o(.ARM.Collect$$libinit$$00000032)
    __rt_lib_init_fp_trap_1                  0x080002ef   Thumb Code     0  libinit2.o(.ARM.Collect$$libinit$$00000021)
    __rt_lib_init_getenv_1                   0x080002ef   Thumb Code     0  libinit2.o(.ARM.Collect$$libinit$$00000025)
    __rt_lib_init_lc_numeric_1               0x080002ef   Thumb Code     0  libinit2.o(.ARM.Collect$$libinit$$00000019)
    __rt_lib_init_lc_time_1                  0x080002ef   Thumb Code     0  libinit2.o(.ARM.Collect$$libinit$$0000001B)
    __rt_lib_init_return                     0x080002ef   Thumb Code     0  libinit2.o(.ARM.Collect$$libinit$$00000035)
    __rt_lib_init_signal_1                   0x080002ef   Thumb Code     0  libinit2.o(.ARM.Collect$$libinit$$0000001F)
    __rt_lib_init_stdio_1                    0x080002ef   Thumb Code     0  libinit2.o(.ARM.Collect$$libinit$$00000027)
    __rt_lib_shutdown                        0x080002f1   Thumb Code     0  libshutdown.o(.ARM.Collect$$libshutdown$$00000000)
    __rt_lib_shutdown_cpp_1                  0x080002f3   Thumb Code     0  libshutdown2.o(.ARM.Collect$$libshutdown$$00000002)
    __rt_lib_shutdown_fp_trap_1              0x080002f3   Thumb Code     0  libshutdown2.o(.ARM.Collect$$libshutdown$$00000007)
    __rt_lib_shutdown_heap_1                 0x080002f3   Thumb Code     0  libshutdown2.o(.ARM.Collect$$libshutdown$$0000000F)
    __rt_lib_shutdown_return                 0x080002f3   Thumb Code     0  libshutdown2.o(.ARM.Collect$$libshutdown$$00000010)
    __rt_lib_shutdown_signal_1               0x080002f3   Thumb Code     0  libshutdown2.o(.ARM.Collect$$libshutdown$$0000000A)
    __rt_lib_shutdown_stdio_1                0x080002f3   Thumb Code     0  libshutdown2.o(.ARM.Collect$$libshutdown$$00000004)
    __rt_lib_shutdown_user_alloc_1           0x080002f3   Thumb Code     0  libshutdown2.o(.ARM.Collect$$libshutdown$$0000000C)
    __rt_entry                               0x080002f5   Thumb Code     0  __rtentry.o(.ARM.Collect$$rtentry$$00000000)
    __rt_entry_presh_1                       0x080002f5   Thumb Code     0  __rtentry2.o(.ARM.Collect$$rtentry$$00000002)
    __rt_entry_sh                            0x080002f5   Thumb Code     0  __rtentry4.o(.ARM.Collect$$rtentry$$00000004)
    __rt_entry_li                            0x080002fb   Thumb Code     0  __rtentry2.o(.ARM.Collect$$rtentry$$0000000A)
    __rt_entry_postsh_1                      0x080002fb   Thumb Code     0  __rtentry2.o(.ARM.Collect$$rtentry$$00000009)
    __rt_entry_main                          0x080002ff   Thumb Code     0  __rtentry2.o(.ARM.Collect$$rtentry$$0000000D)
    __rt_entry_postli_1                      0x080002ff   Thumb Code     0  __rtentry2.o(.ARM.Collect$$rtentry$$0000000C)
    __rt_exit                                0x08000307   Thumb Code     0  rtexit.o(.ARM.Collect$$rtexit$$00000000)
    __rt_exit_ls                             0x08000309   Thumb Code     0  rtexit2.o(.ARM.Collect$$rtexit$$00000003)
    __rt_exit_prels_1                        0x08000309   Thumb Code     0  rtexit2.o(.ARM.Collect$$rtexit$$00000002)
    __rt_exit_exit                           0x0800030d   Thumb Code     0  rtexit2.o(.ARM.Collect$$rtexit$$00000004)
    rand                                     0x08000315   Thumb Code    48  rand.o(.emb_text)
    Reset_Handler                            0x08000349   Thumb Code     8  startup_stm32f446xx.o(.text)
    NMI_Handler                              0x08000351   Thumb Code     2  startup_stm32f446xx.o(.text)
    HardFault_Handler                        0x08000353   Thumb Code     2  startup_stm32f446xx.o(.text)
    MemManage_Handler                        0x08000355   Thumb Code     2  startup_stm32f446xx.o(.text)
    BusFault_Handler                         0x08000357   Thumb Code     2  startup_stm32f446xx.o(.text)
    UsageFault_Handler                       0x08000359   Thumb Code     2  startup_stm32f446xx.o(.text)
    SVC_Handler                              0x0800035b   Thumb Code     2  startup_stm32f446xx.o(.text)
    DebugMon_Handler                         0x0800035d   Thumb Code     2  startup_stm32f446xx.o(.text)
    PendSV_Handler                           0x0800035f   Thumb Code     2  startup_stm32f446xx.o(.text)
    ADC_IRQHandler                           0x08000363   Thumb Code     0  startup_stm32f446xx.o(.text)
    CAN1_RX0_IRQHandler                      0x08000363   Thumb Code     0  startup_stm32f446xx.o(.text)
    CAN1_RX1_IRQHandler                      0x08000363   Thumb Code     0  startup_stm32f446xx.o(.text)
    CAN1_SCE_IRQHandler                      0x08000363   Thumb Code     0  startup_stm32f446xx.o(.text)
    CAN1_TX_IRQHandler                       0x08000363   Thumb Code     0  startup_stm32f446xx.o(.text)
    CAN2_RX0_IRQHandler                      0x08000363   Thumb Code     0  startup_stm32f446xx.o(.text)
    CAN2_RX1_IRQHandler                      0x08000363   Thumb Code     0  startup_stm32f446xx.o(.text)
    CAN2_SCE_IRQHandler                      0x08000363   Thumb Code     0  startup_stm32f446xx.o(.text)
    CAN2_TX_IRQHandler                       0x08000363   Thumb Code     0  startup_stm32f446xx.o(.text)
    CEC_IRQHandler                           0x08000363   Thumb Code     0  startup_stm32f446xx.o(.text)
    DCMI_IRQHandler                          0x08000363   Thumb Code     0  startup_stm32f446xx.o(.text)
    DMA1_Stream0_IRQHandler                  0x08000363   Thumb Code     0  startup_stm32f446xx.o(.text)
    DMA1_Stream1_IRQHandler                  0x08000363   Thumb Code     0  startup_stm32f446xx.o(.text)
    DMA1_Stream2_IRQHandler                  0x08000363   Thumb Code     0  startup_stm32f446xx.o(.text)
    DMA1_Stream3_IRQHandler                  0x08000363   Thumb Code     0  startup_stm32f446xx.o(.text)
    DMA1_Stream4_IRQHandler                  0x08000363   Thumb Code     0  startup_stm32f446xx.o(.text)
    DMA1_Stream5_IRQHandler                  0x08000363   Thumb Code     0  startup_stm32f446xx.o(.text)
    DMA1_Stream6_IRQHandler                  0x08000363   Thumb Code     0  startup_stm32f446xx.o(.text)
    DMA1_Stream7_IRQHandler                  0x08000363   Thumb Code     0  startup_stm32f446xx.o(.text)
    DMA2_Stream0_IRQHandler                  0x08000363   Thumb Code     0  startup_stm32f446xx.o(.text)
    DMA2_Stream1_IRQHandler                  0x08000363   Thumb Code     0  startup_stm32f446xx.o(.text)
    DMA2_Stream2_IRQHandler                  0x08000363   Thumb Code     0  startup_stm32f446xx.o(.text)
    DMA2_Stream3_IRQHandler                  0x08000363   Thumb Code     0  startup_stm32f446xx.o(.text)
    DMA2_Stream4_IRQHandler                  0x08000363   Thumb Code     0  startup_stm32f446xx.o(.text)
    DMA2_Stream5_IRQHandler                  0x08000363   Thumb Code     0  startup_stm32f446xx.o(.text)
    DMA2_Stream6_IRQHandler                  0x08000363   Thumb Code     0  startup_stm32f446xx.o(.text)
    DMA2_Stream7_IRQHandler                  0x08000363   Thumb Code     0  startup_stm32f446xx.o(.text)
    EXTI0_IRQHandler                         0x08000363   Thumb Code     0  startup_stm32f446xx.o(.text)
    EXTI15_10_IRQHandler                     0x08000363   Thumb Code     0  startup_stm32f446xx.o(.text)
    EXTI1_IRQHandler                         0x08000363   Thumb Code     0  startup_stm32f446xx.o(.text)
    EXTI2_IRQHandler                         0x08000363   Thumb Code     0  startup_stm32f446xx.o(.text)
    EXTI3_IRQHandler                         0x08000363   Thumb Code     0  startup_stm32f446xx.o(.text)
    EXTI4_IRQHandler                         0x08000363   Thumb Code     0  startup_stm32f446xx.o(.text)
    EXTI9_5_IRQHandler                       0x08000363   Thumb Code     0  startup_stm32f446xx.o(.text)
    FLASH_IRQHandler                         0x08000363   Thumb Code     0  startup_stm32f446xx.o(.text)
    FMC_IRQHandler                           0x08000363   Thumb Code     0  startup_stm32f446xx.o(.text)
    FMPI2C1_ER_IRQHandler                    0x08000363   Thumb Code     0  startup_stm32f446xx.o(.text)
    FMPI2C1_EV_IRQHandler                    0x08000363   Thumb Code     0  startup_stm32f446xx.o(.text)
    FPU_IRQHandler                           0x08000363   Thumb Code     0  startup_stm32f446xx.o(.text)
    I2C1_ER_IRQHandler                       0x08000363   Thumb Code     0  startup_stm32f446xx.o(.text)
    I2C1_EV_IRQHandler                       0x08000363   Thumb Code     0  startup_stm32f446xx.o(.text)
    I2C2_ER_IRQHandler                       0x08000363   Thumb Code     0  startup_stm32f446xx.o(.text)
    I2C3_ER_IRQHandler                       0x08000363   Thumb Code     0  startup_stm32f446xx.o(.text)
    I2C3_EV_IRQHandler                       0x08000363   Thumb Code     0  startup_stm32f446xx.o(.text)
    OTG_FS_IRQHandler                        0x08000363   Thumb Code     0  startup_stm32f446xx.o(.text)
    OTG_FS_WKUP_IRQHandler                   0x08000363   Thumb Code     0  startup_stm32f446xx.o(.text)
    OTG_HS_EP1_IN_IRQHandler                 0x08000363   Thumb Code     0  startup_stm32f446xx.o(.text)
    OTG_HS_EP1_OUT_IRQHandler                0x08000363   Thumb Code     0  startup_stm32f446xx.o(.text)
    OTG_HS_IRQHandler                        0x08000363   Thumb Code     0  startup_stm32f446xx.o(.text)
    OTG_HS_WKUP_IRQHandler                   0x08000363   Thumb Code     0  startup_stm32f446xx.o(.text)
    PVD_IRQHandler                           0x08000363   Thumb Code     0  startup_stm32f446xx.o(.text)
    QUADSPI_IRQHandler                       0x08000363   Thumb Code     0  startup_stm32f446xx.o(.text)
    RCC_IRQHandler                           0x08000363   Thumb Code     0  startup_stm32f446xx.o(.text)
    RTC_Alarm_IRQHandler                     0x08000363   Thumb Code     0  startup_stm32f446xx.o(.text)
    RTC_WKUP_IRQHandler                      0x08000363   Thumb Code     0  startup_stm32f446xx.o(.text)
    SAI1_IRQHandler                          0x08000363   Thumb Code     0  startup_stm32f446xx.o(.text)
    SAI2_IRQHandler                          0x08000363   Thumb Code     0  startup_stm32f446xx.o(.text)
    SDIO_IRQHandler                          0x08000363   Thumb Code     0  startup_stm32f446xx.o(.text)
    SPDIF_RX_IRQHandler                      0x08000363   Thumb Code     0  startup_stm32f446xx.o(.text)
    SPI1_IRQHandler                          0x08000363   Thumb Code     0  startup_stm32f446xx.o(.text)
    SPI2_IRQHandler                          0x08000363   Thumb Code     0  startup_stm32f446xx.o(.text)
    SPI3_IRQHandler                          0x08000363   Thumb Code     0  startup_stm32f446xx.o(.text)
    SPI4_IRQHandler                          0x08000363   Thumb Code     0  startup_stm32f446xx.o(.text)
    TAMP_STAMP_IRQHandler                    0x08000363   Thumb Code     0  startup_stm32f446xx.o(.text)
    TIM1_BRK_TIM9_IRQHandler                 0x08000363   Thumb Code     0  startup_stm32f446xx.o(.text)
    TIM1_CC_IRQHandler                       0x08000363   Thumb Code     0  startup_stm32f446xx.o(.text)
    TIM1_TRG_COM_TIM11_IRQHandler            0x08000363   Thumb Code     0  startup_stm32f446xx.o(.text)
    TIM1_UP_TIM10_IRQHandler                 0x08000363   Thumb Code     0  startup_stm32f446xx.o(.text)
    TIM2_IRQHandler                          0x08000363   Thumb Code     0  startup_stm32f446xx.o(.text)
    TIM3_IRQHandler                          0x08000363   Thumb Code     0  startup_stm32f446xx.o(.text)
    TIM4_IRQHandler                          0x08000363   Thumb Code     0  startup_stm32f446xx.o(.text)
    TIM5_IRQHandler                          0x08000363   Thumb Code     0  startup_stm32f446xx.o(.text)
    TIM7_IRQHandler                          0x08000363   Thumb Code     0  startup_stm32f446xx.o(.text)
    TIM8_BRK_TIM12_IRQHandler                0x08000363   Thumb Code     0  startup_stm32f446xx.o(.text)
    TIM8_CC_IRQHandler                       0x08000363   Thumb Code     0  startup_stm32f446xx.o(.text)
    TIM8_TRG_COM_TIM14_IRQHandler            0x08000363   Thumb Code     0  startup_stm32f446xx.o(.text)
    TIM8_UP_TIM13_IRQHandler                 0x08000363   Thumb Code     0  startup_stm32f446xx.o(.text)
    UART4_IRQHandler                         0x08000363   Thumb Code     0  startup_stm32f446xx.o(.text)
    UART5_IRQHandler                         0x08000363   Thumb Code     0  startup_stm32f446xx.o(.text)
    USART1_IRQHandler                        0x08000363   Thumb Code     0  startup_stm32f446xx.o(.text)
    USART3_IRQHandler                        0x08000363   Thumb Code     0  startup_stm32f446xx.o(.text)
    USART6_IRQHandler                        0x08000363   Thumb Code     0  startup_stm32f446xx.o(.text)
    WWDG_IRQHandler                          0x08000363   Thumb Code     0  startup_stm32f446xx.o(.text)
    __user_initial_stackheap                 0x08000365   Thumb Code     0  startup_stm32f446xx.o(.text)
    sprintf                                  0x08000389   Thumb Code    38  sprintf.o(.text)
    sscanf                                   0x080003b5   Thumb Code    52  sscanf.o(.text)
    srand                                    0x080003f1   Thumb Code    42  rand.o(.text)
    _rand_init                               0x0800041b   Thumb Code     4  rand.o(.text)
    strcpy                                   0x0800042d   Thumb Code    72  strcpy.o(.text)
    strlen                                   0x08000475   Thumb Code    62  strlen.o(.text)
    strcat                                   0x080004b3   Thumb Code    24  strcat.o(.text)
    strcmp                                   0x080004d1   Thumb Code   124  strcmpv7em.o(.text)
    __use_two_region_memory                  0x0800054d   Thumb Code     2  heapauxi.o(.text)
    __rt_heap_escrow$2region                 0x0800054f   Thumb Code     2  heapauxi.o(.text)
    __rt_heap_expand$2region                 0x08000551   Thumb Code     2  heapauxi.o(.text)
    _printf_pre_padding                      0x08000553   Thumb Code    44  _printf_pad.o(.text)
    _printf_post_padding                     0x0800057f   Thumb Code    34  _printf_pad.o(.text)
    _printf_truncate_signed                  0x080005a1   Thumb Code    18  _printf_truncate.o(.text)
    _printf_truncate_unsigned                0x080005b3   Thumb Code    18  _printf_truncate.o(.text)
    _printf_str                              0x080005c5   Thumb Code    82  _printf_str.o(.text)
    _printf_int_dec                          0x08000619   Thumb Code   104  _printf_dec.o(.text)
    _printf_charcount                        0x08000691   Thumb Code    40  _printf_charcount.o(.text)
    _printf_char_common                      0x080006c3   Thumb Code    32  _printf_char_common.o(.text)
    _sputc                                   0x080006e9   Thumb Code    10  _sputc.o(.text)
    _printf_wctomb                           0x080006f5   Thumb Code   182  _printf_wctomb.o(.text)
    _printf_longlong_dec                     0x080007b1   Thumb Code   108  _printf_longlong_dec.o(.text)
    _printf_longlong_oct                     0x0800082d   Thumb Code    68  _printf_oct_int_ll.o(.text)
    _printf_int_oct                          0x08000871   Thumb Code    24  _printf_oct_int_ll.o(.text)
    _printf_ll_oct                           0x08000889   Thumb Code    12  _printf_oct_int_ll.o(.text)
    _printf_longlong_hex                     0x0800089d   Thumb Code    86  _printf_hex_int_ll_ptr.o(.text)
    _printf_int_hex                          0x080008f3   Thumb Code    28  _printf_hex_int_ll_ptr.o(.text)
    _printf_ll_hex                           0x0800090f   Thumb Code    12  _printf_hex_int_ll_ptr.o(.text)
    _printf_hex_ptr                          0x0800091b   Thumb Code    18  _printf_hex_int_ll_ptr.o(.text)
    __printf                                 0x08000931   Thumb Code   388  __printf_flags_ss_wp.o(.text)
    _scanf_longlong                          0x08000ab9   Thumb Code   342  _scanf_longlong.o(.text)
    _scanf_int                               0x08000c0f   Thumb Code   332  _scanf_int.o(.text)
    _scanf_string                            0x08000d5b   Thumb Code   224  _scanf_str.o(.text)
    __vfscanf_char                           0x08000e49   Thumb Code    24  scanf_char.o(.text)
    _sgetc                                   0x08000e69   Thumb Code    30  _sgetc.o(.text)
    _sbackspace                              0x08000e87   Thumb Code    34  _sgetc.o(.text)
    _scanf_mbtowc                            0x08000ea9   Thumb Code   276  _scanf_mbtowc.o(.text)
    _scanf_wctomb                            0x08000fbd   Thumb Code   232  _scanf_wctomb.o(.text)
    _scanf_wstring                           0x080010a5   Thumb Code   208  _scanf_wstr.o(.text)
    _ll_udiv10                               0x08001175   Thumb Code   138  lludiv10.o(.text)
    isspace                                  0x080011ff   Thumb Code    18  isspace.o(.text)
    _printf_int_common                       0x08001211   Thumb Code   178  _printf_intcommon.o(.text)
    _printf_fp_dec_real                      0x08001473   Thumb Code   620  _printf_fp_dec.o(.text)
    _printf_fp_hex_real                      0x080016e1   Thumb Code   756  _printf_fp_hex.o(.text)
    _printf_cs_common                        0x080019dd   Thumb Code    20  _printf_char.o(.text)
    _printf_char                             0x080019f1   Thumb Code    16  _printf_char.o(.text)
    _printf_string                           0x08001a01   Thumb Code     8  _printf_char.o(.text)
    _printf_lcs_common                       0x08001a09   Thumb Code    20  _printf_wchar.o(.text)
    _printf_wchar                            0x08001a1d   Thumb Code    16  _printf_wchar.o(.text)
    _printf_wstring                          0x08001a2d   Thumb Code     8  _printf_wchar.o(.text)
    _chval                                   0x08001a35   Thumb Code    28  _chval.o(.text)
    __vfscanf                                0x08001a51   Thumb Code   878  _scanf.o(.text)
    _scanf_really_real                       0x08002011   Thumb Code   684  scanf_fp.o(.text)
    _scanf_wcharmap                          0x080022bd   Thumb Code    30  _scanf_wcharmap.o(.text)
    _mbrtoc16                                0x080022db   Thumb Code    64  _mbrtoc16.o(.text)
    _mbrtowc                                 0x080022db   Thumb Code     0  _mbrtoc16.o(.text)
    _c16rtomb                                0x0800231b   Thumb Code    72  _c16rtomb.o(.text)
    _wcrtomb                                 0x0800231b   Thumb Code     0  _c16rtomb.o(.text)
    __user_setup_stackheap                   0x08002363   Thumb Code    74  sys_stackheap_outer.o(.text)
    __rt_ctype_table                         0x080023ad   Thumb Code    16  rt_ctype_table.o(.text)
    __rt_locale                              0x080023bd   Thumb Code     8  rt_locale_intlibspace.o(.text)
    __aeabi_errno_addr                       0x080023c5   Thumb Code     8  rt_errno_addr_intlibspace.o(.text)
    __errno$intlibspace                      0x080023c5   Thumb Code     0  rt_errno_addr_intlibspace.o(.text)
    __rt_errno_addr$intlibspace              0x080023c5   Thumb Code     0  rt_errno_addr_intlibspace.o(.text)
    __aeabi_llsl                             0x080023cd   Thumb Code     0  llshl.o(.text)
    _ll_shift_l                              0x080023cd   Thumb Code    38  llshl.o(.text)
    _printf_fp_infnan                        0x080023f5   Thumb Code   112  _printf_fp_infnan.o(.text)
    _btod_etento                             0x08002475   Thumb Code   224  bigflt0.o(.text)
    exit                                     0x08002559   Thumb Code    18  exit.o(.text)
    __user_libspace                          0x0800256d   Thumb Code     8  libspace.o(.text)
    __user_perproc_libspace                  0x0800256d   Thumb Code     0  libspace.o(.text)
    __user_perthread_libspace                0x0800256d   Thumb Code     0  libspace.o(.text)
    __read_errno                             0x08002575   Thumb Code    10  _rserrno.o(.text)
    __set_errno                              0x0800257f   Thumb Code    12  _rserrno.o(.text)
    _scanf_really_hex_real                   0x0800258d   Thumb Code   786  scanf_hexfp.o(.text)
    _scanf_really_infnan                     0x080028ad   Thumb Code   292  scanf_infnan.o(.text)
    __I$use$semihosting                      0x080029e1   Thumb Code     0  use_no_semi.o(.text)
    __use_no_semihosting_swi                 0x080029e1   Thumb Code     2  use_no_semi.o(.text)
    __semihosting_library_function           0x080029e3   Thumb Code     0  indicate_semi.o(.text)
    _sys_exit                                0x080029e5   Thumb Code     8  sys_exit.o(.text)
    AllReset                                 0x080029f1   Thumb Code    78  main.o(.text.AllReset)
    AllStatusPrint                           0x08002a41   Thumb Code   160  main.o(.text.AllStatusPrint)
    ControlToTraffic                         0x08002ae1   Thumb Code    18  main.o(.text.ControlToTraffic)
    GPIO_ReadPin                             0x08002af5   Thumb Code    26  gpio.o(.text.GPIO_ReadPin)
    GPIO_WritePin                            0x08002b11   Thumb Code    70  gpio.o(.text.GPIO_WritePin)
    GPIOx_MODER_Set                          0x08002b59   Thumb Code    98  gpio.o(.text.GPIOx_MODER_Set)
    I2C1_Config                              0x08002bbd   Thumb Code   226  i2c.o(.text.I2C1_Config)
    I2C2_Config                              0x08002ca1   Thumb Code   322  i2c.o(.text.I2C2_Config)
    I2C2_EV_IRQHandler                       0x08002de5   Thumb Code   230  main.o(.text.I2C2_EV_IRQHandler)
    I2CMem_write                             0x08002ecd   Thumb Code    54  main.o(.text.I2CMem_write)
    I2C_Address                              0x08002f05   Thumb Code    72  i2c.o(.text.I2C_Address)
    I2C_Start                                0x08002f4d   Thumb Code    46  i2c.o(.text.I2C_Start)
    I2C_WriteMulti                           0x08002f7d   Thumb Code   146  i2c.o(.text.I2C_WriteMulti)
    ShowStatus                               0x08003011   Thumb Code   676  main.o(.text.ShowStatus)
    StringParsing                            0x080032b5   Thumb Code   304  main.o(.text.StringParsing)
    SysTick_Handler                          0x08003439   Thumb Code    16  sys_init.o(.text.SysTick_Handler)
    SystemInit                               0x08003449   Thumb Code    18  system_stm32f4xx.o(.text.SystemInit)
    TIM6Config                               0x0800345d   Thumb Code    86  timer.o(.text.TIM6Config)
    TIM6_DAC_IRQHandler                      0x080034b5   Thumb Code    56  main.o(.text.TIM6_DAC_IRQHandler)
    UART_SendChar                            0x080034ed   Thumb Code    36  usart.o(.text.UART_SendChar)
    UART_SendString                          0x08003511   Thumb Code    40  usart.o(.text.UART_SendString)
    USART2_Config                            0x08003539   Thumb Code   178  usart.o(.text.USART2_Config)
    USART2_IRQHandler                        0x080035ed   Thumb Code   250  main.o(.text.USART2_IRQHandler)
    initClock                                0x080037bd   Thumb Code   214  clock.o(.text.initClock)
    main                                     0x08003895   Thumb Code   784  main.o(.text.main)
    ms_delay                                 0x08003ba5   Thumb Code    48  sys_init.o(.text.ms_delay)
    sysInit                                  0x08003bd5   Thumb Code    16  sys_init.o(.text.sysInit)
    _btod_d2e                                0x08003be5   Thumb Code    62  btod.o(CL$$btod_d2e)
    _d2e_denorm_low                          0x08003c23   Thumb Code    70  btod.o(CL$$btod_d2e_denorm_low)
    _d2e_norm_op1                            0x08003c69   Thumb Code    96  btod.o(CL$$btod_d2e_norm_op1)
    __btod_div_common                        0x08003cc9   Thumb Code   696  btod.o(CL$$btod_div_common)
    _e2d                                     0x08004001   Thumb Code   122  btod.o(CL$$btod_e2d)
    _e2e                                     0x08004085   Thumb Code   220  btod.o(CL$$btod_e2e)
    _btod_ediv                               0x08004161   Thumb Code    42  btod.o(CL$$btod_ediv)
    _btod_edivd                              0x0800418b   Thumb Code    42  btod.o(CL$$btod_edivd)
    _btod_emul                               0x080041b5   Thumb Code    42  btod.o(CL$$btod_emul)
    _btod_emuld                              0x080041df   Thumb Code    42  btod.o(CL$$btod_emuld)
    __btod_mult_common                       0x08004209   Thumb Code   580  btod.o(CL$$btod_mult_common)
    __ARM_fpclassify                         0x0800444d   Thumb Code    48  fpclassify.o(i.__ARM_fpclassify)
    __hardfp___mathlib_tofloat               0x08004481   Thumb Code   232  narrow.o(i.__hardfp___mathlib_tofloat)
    __hardfp_ldexp                           0x08004579   Thumb Code   200  ldexp.o(i.__hardfp_ldexp)
    __mathlib_dbl_overflow                   0x08004649   Thumb Code    24  dunder.o(i.__mathlib_dbl_overflow)
    __mathlib_dbl_underflow                  0x08004669   Thumb Code    24  dunder.o(i.__mathlib_dbl_underflow)
    __mathlib_narrow                         0x08004689   Thumb Code    18  narrow.o(i.__mathlib_narrow)
    __support_ldexp                          0x0800469b   Thumb Code    20  ldexp.o(i.__support_ldexp)
    _is_digit                                0x080046af   Thumb Code    14  __printf_wp.o(i._is_digit)
    frexp                                    0x080046c1   Thumb Code   118  frexp.o(i.frexp)
    _get_lc_numeric                          0x0800474d   Thumb Code    44  lc_numeric_c.o(locale$$code)
    _get_lc_ctype                            0x08004779   Thumb Code    44  lc_ctype_c.o(locale$$code)
    __aeabi_d2f                              0x080047a5   Thumb Code     0  d2f.o(x$fpl$d2f)
    _d2f                                     0x080047a5   Thumb Code    98  d2f.o(x$fpl$d2f)
    __fpl_dcheck_NaN1                        0x08004809   Thumb Code    10  dcheck1.o(x$fpl$dcheck1)
    __fpl_dcmp_Inf                           0x08004819   Thumb Code    24  dcmpi.o(x$fpl$dcmpinf)
    __aeabi_cdcmpeq                          0x08004831   Thumb Code     0  deqf.o(x$fpl$deqf)
    _dcmpeq                                  0x08004831   Thumb Code   120  deqf.o(x$fpl$deqf)
    __aeabi_cdcmple                          0x080048a9   Thumb Code     0  dleqf.o(x$fpl$dleqf)
    _dcmple                                  0x080048a9   Thumb Code   120  dleqf.o(x$fpl$dleqf)
    __fpl_dcmple_InfNaN                      0x0800490b   Thumb Code     0  dleqf.o(x$fpl$dleqf)
    __aeabi_dmul                             0x08004921   Thumb Code     0  dmul.o(x$fpl$dmul)
    _dmul                                    0x08004921   Thumb Code   332  dmul.o(x$fpl$dmul)
    __fpl_dnaninf                            0x08004a75   Thumb Code   156  dnaninf.o(x$fpl$dnaninf)
    __fpl_dretinf                            0x08004b11   Thumb Code    12  dretinf.o(x$fpl$dretinf)
    __aeabi_cdrcmple                         0x08004b1d   Thumb Code     0  drleqf.o(x$fpl$drleqf)
    _drcmple                                 0x08004b1d   Thumb Code   108  drleqf.o(x$fpl$drleqf)
    _fp_init                                 0x08004b89   Thumb Code    26  fpinit.o(x$fpl$fpinit)
    __fplib_config_fpu_vfp                   0x08004ba1   Thumb Code     0  fpinit.o(x$fpl$fpinit)
    __fplib_config_pureend_doubles           0x08004ba1   Thumb Code     0  fpinit.o(x$fpl$fpinit)
    __fpl_fretinf                            0x08004ba3   Thumb Code    10  fretinf.o(x$fpl$fretinf)
    __ieee_status                            0x08004bad   Thumb Code     6  istatus.o(x$fpl$ieeestatus)
    _printf_fp_dec                           0x08004bb3   Thumb Code     4  printf1.o(x$fpl$printf1)
    _printf_fp_hex                           0x08004bb7   Thumb Code     4  printf2.o(x$fpl$printf2)
    __fpl_return_NaN                         0x08004bbb   Thumb Code   100  retnan.o(x$fpl$retnan)
    __ARM_scalbn                             0x08004c1f   Thumb Code    92  scalbn.o(x$fpl$scalbn)
    _scanf_real                              0x08004c7b   Thumb Code     4  scanf1.o(x$fpl$scanf1)
    _scanf_hex_real                          0x08004c7f   Thumb Code     4  scanf2.o(x$fpl$scanf2)
    _scanf_infnan                            0x08004c83   Thumb Code     4  scanf2.o(x$fpl$scanf2)
    __fpl_cmpreturn                          0x08004c87   Thumb Code    48  trapv.o(x$fpl$trapveneer)
    __I$use$fp                               0x08004cb6   Number         0  usenofp.o(x$fpl$usenofp)
    Region$$Table$$Base                      0x08004ea8   Number         0  anon$$obj.o(Region$$Table)
    Region$$Table$$Limit                     0x08004ec8   Number         0  anon$$obj.o(Region$$Table)
    __aeabi_HUGE_VAL                         0x08004ec8   Data           0  fpconst.o(c$$dinf)
    __aeabi_HUGE_VALL                        0x08004ec8   Data           0  fpconst.o(c$$dinf)
    __aeabi_INFINITY                         0x08004ec8   Data           0  fpconst.o(c$$dinf)
    __dInf                                   0x08004ec8   Data           0  fpconst.o(c$$dinf)
    __huge_val                               0x08004ec8   Data           0  fpconst.o(c$$dinf)
    __dbl_max                                0x08004ed0   Data           0  fpconst.o(c$$dmax)
    __ctype                                  0x08004f01   Data           0  lc_ctype_c.o(locale$$data)
    trafficTime                              0x20000018   Data           4  main.o(.data.trafficTime)
    _random_number_data                      0x20000028   Data         228  rand.o(.bss)
    __libspace_start                         0x2000010c   Data          96  libspace.o(.bss)
    Flag                                     0x2000016c   Data           4  main.o(.bss.Flag)
    __temporary_stack_top$libspace           0x2000016c   Data           0  libspace.o(.bss)
    TotalTimeCount                           0x20018810   Data           4  main.o(.bss.TotalTimeCount)
    time_delay_cnt                           0x200189b4   Data           4  main.o(.bss.time_delay_cnt)



==============================================================================

Memory Map of the image

  Image Entry point : 0x08000349

  Load Region LR_1 (Base: 0x08000000, Size: 0x00005028, Max: 0xffffffff, ABSOLUTE)

    Execution Region ER_RO (Exec base: 0x08000000, Load base: 0x08000000, Size: 0x00005004, Max: 0xffffffff, ABSOLUTE)

    Exec Addr    Load Addr    Size         Type   Attr      Idx    E Section Name        Object

    0x08000000   0x08000000   0x000001c4   Data   RO          158    RESET               startup_stm32f446xx.o
    0x080001c4   0x080001c4   0x00000008   Code   RO          200  * !!!main             c_w.l(__main.o)
    0x080001cc   0x080001cc   0x00000034   Code   RO          665    !!!scatter          c_w.l(__scatter.o)
    0x08000200   0x08000200   0x0000001a   Code   RO          667    !!handler_copy      c_w.l(__scatter_copy.o)
    0x0800021a   0x0800021a   0x00000002   PAD
    0x0800021c   0x0800021c   0x0000001c   Code   RO          669    !!handler_zi        c_w.l(__scatter_zi.o)
    0x08000238   0x08000238   0x00000000   Code   RO          284    .ARM.Collect$$_printf_percent$$00000000  c_w.l(_printf_percent.o)
    0x08000238   0x08000238   0x00000006   Code   RO          273    .ARM.Collect$$_printf_percent$$00000001  c_w.l(_printf_n.o)
    0x0800023e   0x0800023e   0x00000006   Code   RO          275    .ARM.Collect$$_printf_percent$$00000002  c_w.l(_printf_p.o)
    0x08000244   0x08000244   0x00000006   Code   RO          280    .ARM.Collect$$_printf_percent$$00000003  c_w.l(_printf_f.o)
    0x0800024a   0x0800024a   0x00000006   Code   RO          281    .ARM.Collect$$_printf_percent$$00000004  c_w.l(_printf_e.o)
    0x08000250   0x08000250   0x00000006   Code   RO          282    .ARM.Collect$$_printf_percent$$00000005  c_w.l(_printf_g.o)
    0x08000256   0x08000256   0x00000006   Code   RO          283    .ARM.Collect$$_printf_percent$$00000006  c_w.l(_printf_a.o)
    0x0800025c   0x0800025c   0x0000000a   Code   RO          288    .ARM.Collect$$_printf_percent$$00000007  c_w.l(_printf_ll.o)
    0x08000266   0x08000266   0x00000006   Code   RO          277    .ARM.Collect$$_printf_percent$$00000008  c_w.l(_printf_i.o)
    0x0800026c   0x0800026c   0x00000006   Code   RO          278    .ARM.Collect$$_printf_percent$$00000009  c_w.l(_printf_d.o)
    0x08000272   0x08000272   0x00000006   Code   RO          279    .ARM.Collect$$_printf_percent$$0000000A  c_w.l(_printf_u.o)
    0x08000278   0x08000278   0x00000006   Code   RO          276    .ARM.Collect$$_printf_percent$$0000000B  c_w.l(_printf_o.o)
    0x0800027e   0x0800027e   0x00000006   Code   RO          274    .ARM.Collect$$_printf_percent$$0000000C  c_w.l(_printf_x.o)
    0x08000284   0x08000284   0x00000006   Code   RO          285    .ARM.Collect$$_printf_percent$$0000000D  c_w.l(_printf_lli.o)
    0x0800028a   0x0800028a   0x00000006   Code   RO          286    .ARM.Collect$$_printf_percent$$0000000E  c_w.l(_printf_lld.o)
    0x08000290   0x08000290   0x00000006   Code   RO          287    .ARM.Collect$$_printf_percent$$0000000F  c_w.l(_printf_llu.o)
    0x08000296   0x08000296   0x00000006   Code   RO          292    .ARM.Collect$$_printf_percent$$00000010  c_w.l(_printf_llo.o)
    0x0800029c   0x0800029c   0x00000006   Code   RO          293    .ARM.Collect$$_printf_percent$$00000011  c_w.l(_printf_llx.o)
    0x080002a2   0x080002a2   0x0000000a   Code   RO          289    .ARM.Collect$$_printf_percent$$00000012  c_w.l(_printf_l.o)
    0x080002ac   0x080002ac   0x00000006   Code   RO          271    .ARM.Collect$$_printf_percent$$00000013  c_w.l(_printf_c.o)
    0x080002b2   0x080002b2   0x00000006   Code   RO          272    .ARM.Collect$$_printf_percent$$00000014  c_w.l(_printf_s.o)
    0x080002b8   0x080002b8   0x00000006   Code   RO          290    .ARM.Collect$$_printf_percent$$00000015  c_w.l(_printf_lc.o)
    0x080002be   0x080002be   0x00000006   Code   RO          291    .ARM.Collect$$_printf_percent$$00000016  c_w.l(_printf_ls.o)
    0x080002c4   0x080002c4   0x00000004   Code   RO          401    .ARM.Collect$$_printf_percent$$00000017  c_w.l(_printf_percent_end.o)
    0x080002c8   0x080002c8   0x00000002   Code   RO          482    .ARM.Collect$$libinit$$00000000  c_w.l(libinit.o)
    0x080002ca   0x080002ca   0x00000004   Code   RO          310    .ARM.Collect$$libinit$$00000001  c_w.l(libinit2.o)
    0x080002ce   0x080002ce   0x00000000   Code   RO          313    .ARM.Collect$$libinit$$00000004  c_w.l(libinit2.o)
    0x080002ce   0x080002ce   0x00000000   Code   RO          315    .ARM.Collect$$libinit$$00000006  c_w.l(libinit2.o)
    0x080002ce   0x080002ce   0x00000000   Code   RO          318    .ARM.Collect$$libinit$$0000000C  c_w.l(libinit2.o)
    0x080002ce   0x080002ce   0x00000000   Code   RO          320    .ARM.Collect$$libinit$$0000000E  c_w.l(libinit2.o)
    0x080002ce   0x080002ce   0x00000004   Code   RO          321    .ARM.Collect$$libinit$$0000000F  c_w.l(libinit2.o)
    0x080002d2   0x080002d2   0x00000000   Code   RO          322    .ARM.Collect$$libinit$$00000010  c_w.l(libinit2.o)
    0x080002d2   0x080002d2   0x00000006   Code   RO          323    .ARM.Collect$$libinit$$00000011  c_w.l(libinit2.o)
    0x080002d8   0x080002d8   0x00000000   Code   RO          325    .ARM.Collect$$libinit$$00000013  c_w.l(libinit2.o)
    0x080002d8   0x080002d8   0x0000000c   Code   RO          326    .ARM.Collect$$libinit$$00000014  c_w.l(libinit2.o)
    0x080002e4   0x080002e4   0x00000000   Code   RO          327    .ARM.Collect$$libinit$$00000015  c_w.l(libinit2.o)
    0x080002e4   0x080002e4   0x00000000   Code   RO          329    .ARM.Collect$$libinit$$00000017  c_w.l(libinit2.o)
    0x080002e4   0x080002e4   0x0000000a   Code   RO          330    .ARM.Collect$$libinit$$00000018  c_w.l(libinit2.o)
    0x080002ee   0x080002ee   0x00000000   Code   RO          331    .ARM.Collect$$libinit$$00000019  c_w.l(libinit2.o)
    0x080002ee   0x080002ee   0x00000000   Code   RO          333    .ARM.Collect$$libinit$$0000001B  c_w.l(libinit2.o)
    0x080002ee   0x080002ee   0x00000000   Code   RO          335    .ARM.Collect$$libinit$$0000001D  c_w.l(libinit2.o)
    0x080002ee   0x080002ee   0x00000000   Code   RO          337    .ARM.Collect$$libinit$$0000001F  c_w.l(libinit2.o)
    0x080002ee   0x080002ee   0x00000000   Code   RO          339    .ARM.Collect$$libinit$$00000021  c_w.l(libinit2.o)
    0x080002ee   0x080002ee   0x00000000   Code   RO          341    .ARM.Collect$$libinit$$00000023  c_w.l(libinit2.o)
    0x080002ee   0x080002ee   0x00000000   Code   RO          343    .ARM.Collect$$libinit$$00000025  c_w.l(libinit2.o)
    0x080002ee   0x080002ee   0x00000000   Code   RO          345    .ARM.Collect$$libinit$$00000027  c_w.l(libinit2.o)
    0x080002ee   0x080002ee   0x00000000   Code   RO          349    .ARM.Collect$$libinit$$0000002E  c_w.l(libinit2.o)
    0x080002ee   0x080002ee   0x00000000   Code   RO          351    .ARM.Collect$$libinit$$00000030  c_w.l(libinit2.o)
    0x080002ee   0x080002ee   0x00000000   Code   RO          353    .ARM.Collect$$libinit$$00000032  c_w.l(libinit2.o)
    0x080002ee   0x080002ee   0x00000000   Code   RO          355    .ARM.Collect$$libinit$$00000034  c_w.l(libinit2.o)
    0x080002ee   0x080002ee   0x00000002   Code   RO          356    .ARM.Collect$$libinit$$00000035  c_w.l(libinit2.o)
    0x080002f0   0x080002f0   0x00000002   Code   RO          590    .ARM.Collect$$libshutdown$$00000000  c_w.l(libshutdown.o)
    0x080002f2   0x080002f2   0x00000000   Code   RO          616    .ARM.Collect$$libshutdown$$00000002  c_w.l(libshutdown2.o)
    0x080002f2   0x080002f2   0x00000000   Code   RO          618    .ARM.Collect$$libshutdown$$00000004  c_w.l(libshutdown2.o)
    0x080002f2   0x080002f2   0x00000000   Code   RO          621    .ARM.Collect$$libshutdown$$00000007  c_w.l(libshutdown2.o)
    0x080002f2   0x080002f2   0x00000000   Code   RO          624    .ARM.Collect$$libshutdown$$0000000A  c_w.l(libshutdown2.o)
    0x080002f2   0x080002f2   0x00000000   Code   RO          626    .ARM.Collect$$libshutdown$$0000000C  c_w.l(libshutdown2.o)
    0x080002f2   0x080002f2   0x00000000   Code   RO          629    .ARM.Collect$$libshutdown$$0000000F  c_w.l(libshutdown2.o)
    0x080002f2   0x080002f2   0x00000002   Code   RO          630    .ARM.Collect$$libshutdown$$00000010  c_w.l(libshutdown2.o)
    0x080002f4   0x080002f4   0x00000000   Code   RO          202    .ARM.Collect$$rtentry$$00000000  c_w.l(__rtentry.o)
    0x080002f4   0x080002f4   0x00000000   Code   RO          368    .ARM.Collect$$rtentry$$00000002  c_w.l(__rtentry2.o)
    0x080002f4   0x080002f4   0x00000006   Code   RO          380    .ARM.Collect$$rtentry$$00000004  c_w.l(__rtentry4.o)
    0x080002fa   0x080002fa   0x00000000   Code   RO          370    .ARM.Collect$$rtentry$$00000009  c_w.l(__rtentry2.o)
    0x080002fa   0x080002fa   0x00000004   Code   RO          371    .ARM.Collect$$rtentry$$0000000A  c_w.l(__rtentry2.o)
    0x080002fe   0x080002fe   0x00000000   Code   RO          373    .ARM.Collect$$rtentry$$0000000C  c_w.l(__rtentry2.o)
    0x080002fe   0x080002fe   0x00000008   Code   RO          374    .ARM.Collect$$rtentry$$0000000D  c_w.l(__rtentry2.o)
    0x08000306   0x08000306   0x00000002   Code   RO          513    .ARM.Collect$$rtexit$$00000000  c_w.l(rtexit.o)
    0x08000308   0x08000308   0x00000000   Code   RO          548    .ARM.Collect$$rtexit$$00000002  c_w.l(rtexit2.o)
    0x08000308   0x08000308   0x00000004   Code   RO          549    .ARM.Collect$$rtexit$$00000003  c_w.l(rtexit2.o)
    0x0800030c   0x0800030c   0x00000006   Code   RO          550    .ARM.Collect$$rtexit$$00000004  c_w.l(rtexit2.o)
    0x08000312   0x08000312   0x00000002   PAD
    0x08000314   0x08000314   0x00000034   Code   RO          185    .emb_text           c_w.l(rand.o)
    0x08000348   0x08000348   0x00000040   Code   RO          159  * .text               startup_stm32f446xx.o
    0x08000388   0x08000388   0x0000002c   Code   RO          181    .text               c_w.l(sprintf.o)
    0x080003b4   0x080003b4   0x0000003c   Code   RO          183    .text               c_w.l(sscanf.o)
    0x080003f0   0x080003f0   0x0000003c   Code   RO          186    .text               c_w.l(rand.o)
    0x0800042c   0x0800042c   0x00000048   Code   RO          190    .text               c_w.l(strcpy.o)
    0x08000474   0x08000474   0x0000003e   Code   RO          192    .text               c_w.l(strlen.o)
    0x080004b2   0x080004b2   0x00000018   Code   RO          194    .text               c_w.l(strcat.o)
    0x080004ca   0x080004ca   0x00000006   PAD
    0x080004d0   0x080004d0   0x0000007c   Code   RO          196    .text               c_w.l(strcmpv7em.o)
    0x0800054c   0x0800054c   0x00000006   Code   RO          198    .text               c_w.l(heapauxi.o)
    0x08000552   0x08000552   0x0000004e   Code   RO          205    .text               c_w.l(_printf_pad.o)
    0x080005a0   0x080005a0   0x00000024   Code   RO          207    .text               c_w.l(_printf_truncate.o)
    0x080005c4   0x080005c4   0x00000052   Code   RO          209    .text               c_w.l(_printf_str.o)
    0x08000616   0x08000616   0x00000002   PAD
    0x08000618   0x08000618   0x00000078   Code   RO          211    .text               c_w.l(_printf_dec.o)
    0x08000690   0x08000690   0x00000028   Code   RO          213    .text               c_w.l(_printf_charcount.o)
    0x080006b8   0x080006b8   0x00000030   Code   RO          215    .text               c_w.l(_printf_char_common.o)
    0x080006e8   0x080006e8   0x0000000a   Code   RO          217    .text               c_w.l(_sputc.o)
    0x080006f2   0x080006f2   0x00000002   PAD
    0x080006f4   0x080006f4   0x000000bc   Code   RO          219    .text               c_w.l(_printf_wctomb.o)
    0x080007b0   0x080007b0   0x0000007c   Code   RO          222    .text               c_w.l(_printf_longlong_dec.o)
    0x0800082c   0x0800082c   0x00000070   Code   RO          228    .text               c_w.l(_printf_oct_int_ll.o)
    0x0800089c   0x0800089c   0x00000094   Code   RO          248    .text               c_w.l(_printf_hex_int_ll_ptr.o)
    0x08000930   0x08000930   0x00000188   Code   RO          268    .text               c_w.l(__printf_flags_ss_wp.o)
    0x08000ab8   0x08000ab8   0x00000156   Code   RO          294    .text               c_w.l(_scanf_longlong.o)
    0x08000c0e   0x08000c0e   0x0000014c   Code   RO          296    .text               c_w.l(_scanf_int.o)
    0x08000d5a   0x08000d5a   0x000000e0   Code   RO          298    .text               c_w.l(_scanf_str.o)
    0x08000e3a   0x08000e3a   0x00000002   PAD
    0x08000e3c   0x08000e3c   0x0000002c   Code   RO          300    .text               c_w.l(scanf_char.o)
    0x08000e68   0x08000e68   0x00000040   Code   RO          302    .text               c_w.l(_sgetc.o)
    0x08000ea8   0x08000ea8   0x00000114   Code   RO          304    .text               c_w.l(_scanf_mbtowc.o)
    0x08000fbc   0x08000fbc   0x000000e8   Code   RO          306    .text               c_w.l(_scanf_wctomb.o)
    0x080010a4   0x080010a4   0x000000d0   Code   RO          308    .text               c_w.l(_scanf_wstr.o)
    0x08001174   0x08001174   0x0000008a   Code   RO          382    .text               c_w.l(lludiv10.o)
    0x080011fe   0x080011fe   0x00000012   Code   RO          384    .text               c_w.l(isspace.o)
    0x08001210   0x08001210   0x000000b2   Code   RO          386    .text               c_w.l(_printf_intcommon.o)
    0x080012c2   0x080012c2   0x0000041c   Code   RO          388    .text               c_w.l(_printf_fp_dec.o)
    0x080016de   0x080016de   0x00000002   PAD
    0x080016e0   0x080016e0   0x000002fc   Code   RO          392    .text               c_w.l(_printf_fp_hex.o)
    0x080019dc   0x080019dc   0x0000002c   Code   RO          397    .text               c_w.l(_printf_char.o)
    0x08001a08   0x08001a08   0x0000002c   Code   RO          399    .text               c_w.l(_printf_wchar.o)
    0x08001a34   0x08001a34   0x0000001c   Code   RO          402    .text               c_w.l(_chval.o)
    0x08001a50   0x08001a50   0x00000374   Code   RO          404    .text               c_w.l(_scanf.o)
    0x08001dc4   0x08001dc4   0x000004f8   Code   RO          406    .text               c_w.l(scanf_fp.o)
    0x080022bc   0x080022bc   0x0000001e   Code   RO          410    .text               c_w.l(_scanf_wcharmap.o)
    0x080022da   0x080022da   0x00000040   Code   RO          412    .text               c_w.l(_mbrtoc16.o)
    0x0800231a   0x0800231a   0x00000048   Code   RO          414    .text               c_w.l(_c16rtomb.o)
    0x08002362   0x08002362   0x0000004a   Code   RO          420    .text               c_w.l(sys_stackheap_outer.o)
    0x080023ac   0x080023ac   0x00000010   Code   RO          422    .text               c_w.l(rt_ctype_table.o)
    0x080023bc   0x080023bc   0x00000008   Code   RO          427    .text               c_w.l(rt_locale_intlibspace.o)
    0x080023c4   0x080023c4   0x00000008   Code   RO          432    .text               c_w.l(rt_errno_addr_intlibspace.o)
    0x080023cc   0x080023cc   0x00000026   Code   RO          434    .text               c_w.l(llshl.o)
    0x080023f2   0x080023f2   0x00000002   PAD
    0x080023f4   0x080023f4   0x00000080   Code   RO          436    .text               c_w.l(_printf_fp_infnan.o)
    0x08002474   0x08002474   0x000000e4   Code   RO          438    .text               c_w.l(bigflt0.o)
    0x08002558   0x08002558   0x00000012   Code   RO          471    .text               c_w.l(exit.o)
    0x0800256a   0x0800256a   0x00000002   PAD
    0x0800256c   0x0800256c   0x00000008   Code   RO          510    .text               c_w.l(libspace.o)
    0x08002574   0x08002574   0x00000016   Code   RO          517    .text               c_w.l(_rserrno.o)
    0x0800258a   0x0800258a   0x00000002   PAD
    0x0800258c   0x0800258c   0x00000320   Code   RO          519    .text               c_w.l(scanf_hexfp.o)
    0x080028ac   0x080028ac   0x00000134   Code   RO          521    .text               c_w.l(scanf_infnan.o)
    0x080029e0   0x080029e0   0x00000002   Code   RO          544    .text               c_w.l(use_no_semi.o)
    0x080029e2   0x080029e2   0x00000000   Code   RO          546    .text               c_w.l(indicate_semi.o)
    0x080029e2   0x080029e2   0x00000002   PAD
    0x080029e4   0x080029e4   0x0000000c   Code   RO          580    .text               c_w.l(sys_exit.o)
    0x080029f0   0x080029f0   0x0000004e   Code   RO           18    .text.AllReset      main.o
    0x08002a3e   0x08002a3e   0x00000002   PAD
    0x08002a40   0x08002a40   0x000000a0   Code   RO            6    .text.AllStatusPrint  main.o
    0x08002ae0   0x08002ae0   0x00000012   Code   RO           14    .text.ControlToTraffic  main.o
    0x08002af2   0x08002af2   0x00000002   PAD
    0x08002af4   0x08002af4   0x0000001a   Code   RO           64    .text.GPIO_ReadPin  gpio.o
    0x08002b0e   0x08002b0e   0x00000002   PAD
    0x08002b10   0x08002b10   0x00000046   Code   RO           62    .text.GPIO_WritePin  gpio.o
    0x08002b56   0x08002b56   0x00000002   PAD
    0x08002b58   0x08002b58   0x00000062   Code   RO           60    .text.GPIOx_MODER_Set  gpio.o
    0x08002bba   0x08002bba   0x00000002   PAD
    0x08002bbc   0x08002bbc   0x000000e2   Code   RO          106    .text.I2C1_Config   i2c.o
    0x08002c9e   0x08002c9e   0x00000002   PAD
    0x08002ca0   0x08002ca0   0x00000142   Code   RO          108    .text.I2C2_Config   i2c.o
    0x08002de2   0x08002de2   0x00000002   PAD
    0x08002de4   0x08002de4   0x000000e6   Code   RO           16    .text.I2C2_EV_IRQHandler  main.o
    0x08002eca   0x08002eca   0x00000002   PAD
    0x08002ecc   0x08002ecc   0x00000036   Code   RO            8    .text.I2CMem_write  main.o
    0x08002f02   0x08002f02   0x00000002   PAD
    0x08002f04   0x08002f04   0x00000048   Code   RO          116    .text.I2C_Address   i2c.o
    0x08002f4c   0x08002f4c   0x0000002e   Code   RO          112    .text.I2C_Start     i2c.o
    0x08002f7a   0x08002f7a   0x00000002   PAD
    0x08002f7c   0x08002f7c   0x00000092   Code   RO          120    .text.I2C_WriteMulti  i2c.o
    0x0800300e   0x0800300e   0x00000002   PAD
    0x08003010   0x08003010   0x000002a4   Code   RO           12    .text.ShowStatus    main.o
    0x080032b4   0x080032b4   0x00000130   Code   RO            4    .text.StringParsing  main.o
    0x080033e4   0x080033e4   0x00000052   Code   RO           79    .text.SysTick_Config  sys_init.o
    0x08003436   0x08003436   0x00000002   PAD
    0x08003438   0x08003438   0x00000010   Code   RO           75    .text.SysTick_Handler  sys_init.o
    0x08003448   0x08003448   0x00000012   Code   RO          166    .text.SystemInit    system_stm32f4xx.o
    0x0800345a   0x0800345a   0x00000002   PAD
    0x0800345c   0x0800345c   0x00000056   Code   RO           95    .text.TIM6Config    timer.o
    0x080034b2   0x080034b2   0x00000002   PAD
    0x080034b4   0x080034b4   0x00000038   Code   RO           10    .text.TIM6_DAC_IRQHandler  main.o
    0x080034ec   0x080034ec   0x00000024   Code   RO          134    .text.UART_SendChar  usart.o
    0x08003510   0x08003510   0x00000028   Code   RO          142    .text.UART_SendString  usart.o
    0x08003538   0x08003538   0x000000b2   Code   RO          146    .text.USART2_Config  usart.o
    0x080035ea   0x080035ea   0x00000002   PAD
    0x080035ec   0x080035ec   0x000000fa   Code   RO            2    .text.USART2_IRQHandler  main.o
    0x080036e6   0x080036e6   0x00000002   PAD
    0x080036e8   0x080036e8   0x00000030   Code   RO           97    .text.__NVIC_EnableIRQ  timer.o
    0x08003718   0x08003718   0x00000030   Code   RO          110    .text.__NVIC_EnableIRQ  i2c.o
    0x08003748   0x08003748   0x00000030   Code   RO          148    .text.__NVIC_EnableIRQ  usart.o
    0x08003778   0x08003778   0x00000042   Code   RO           85    .text.__NVIC_SetPriority  sys_init.o
    0x080037ba   0x080037ba   0x00000002   PAD
    0x080037bc   0x080037bc   0x000000d6   Code   RO           52    .text.initClock     clock.o
    0x08003892   0x08003892   0x00000002   PAD
    0x08003894   0x08003894   0x00000310   Code   RO           20    .text.main          main.o
    0x08003ba4   0x08003ba4   0x00000030   Code   RO           83    .text.ms_delay      sys_init.o
    0x08003bd4   0x08003bd4   0x00000010   Code   RO           77    .text.sysInit       sys_init.o
    0x08003be4   0x08003be4   0x0000003e   Code   RO          441    CL$$btod_d2e        c_w.l(btod.o)
    0x08003c22   0x08003c22   0x00000046   Code   RO          443    CL$$btod_d2e_denorm_low  c_w.l(btod.o)
    0x08003c68   0x08003c68   0x00000060   Code   RO          442    CL$$btod_d2e_norm_op1  c_w.l(btod.o)
    0x08003cc8   0x08003cc8   0x00000338   Code   RO          451    CL$$btod_div_common  c_w.l(btod.o)
    0x08004000   0x08004000   0x00000084   Code   RO          449    CL$$btod_e2d        c_w.l(btod.o)
    0x08004084   0x08004084   0x000000dc   Code   RO          448    CL$$btod_e2e        c_w.l(btod.o)
    0x08004160   0x08004160   0x0000002a   Code   RO          445    CL$$btod_ediv       c_w.l(btod.o)
    0x0800418a   0x0800418a   0x0000002a   Code   RO          447    CL$$btod_edivd      c_w.l(btod.o)
    0x080041b4   0x080041b4   0x0000002a   Code   RO          444    CL$$btod_emul       c_w.l(btod.o)
    0x080041de   0x080041de   0x0000002a   Code   RO          446    CL$$btod_emuld      c_w.l(btod.o)
    0x08004208   0x08004208   0x00000244   Code   RO          450    CL$$btod_mult_common  c_w.l(btod.o)
    0x0800444c   0x0800444c   0x00000030   Code   RO          496    i.__ARM_fpclassify  m_wm.l(fpclassify.o)
    0x0800447c   0x0800447c   0x00000004   PAD
    0x08004480   0x08004480   0x000000f8   Code   RO          498    i.__hardfp___mathlib_tofloat  m_wm.l(narrow.o)
    0x08004578   0x08004578   0x000000d0   Code   RO          572    i.__hardfp_ldexp    m_wm.l(ldexp.o)
    0x08004648   0x08004648   0x00000020   Code   RO          599    i.__mathlib_dbl_overflow  m_wm.l(dunder.o)
    0x08004668   0x08004668   0x00000020   Code   RO          601    i.__mathlib_dbl_underflow  m_wm.l(dunder.o)
    0x08004688   0x08004688   0x00000012   Code   RO          499    i.__mathlib_narrow  m_wm.l(narrow.o)
    0x0800469a   0x0800469a   0x00000014   Code   RO          574    i.__support_ldexp   m_wm.l(ldexp.o)
    0x080046ae   0x080046ae   0x0000000e   Code   RO          261    i._is_digit         c_w.l(__printf_wp.o)
    0x080046bc   0x080046bc   0x00000004   PAD
    0x080046c0   0x080046c0   0x0000008c   Code   RO          540    i.frexp             m_wm.l(frexp.o)
    0x0800474c   0x0800474c   0x0000002c   Code   RO          469    locale$$code        c_w.l(lc_numeric_c.o)
    0x08004778   0x08004778   0x0000002c   Code   RO          526    locale$$code        c_w.l(lc_ctype_c.o)
    0x080047a4   0x080047a4   0x00000062   Code   RO          532    x$fpl$d2f           fz_wm.l(d2f.o)
    0x08004806   0x08004806   0x00000002   PAD
    0x08004808   0x08004808   0x00000010   Code   RO          637    x$fpl$dcheck1       fz_wm.l(dcheck1.o)
    0x08004818   0x08004818   0x00000018   Code   RO          562    x$fpl$dcmpinf       fz_wm.l(dcmpi.o)
    0x08004830   0x08004830   0x00000078   Code   RO          534    x$fpl$deqf          fz_wm.l(deqf.o)
    0x080048a8   0x080048a8   0x00000078   Code   RO          564    x$fpl$dleqf         fz_wm.l(dleqf.o)
    0x08004920   0x08004920   0x00000154   Code   RO          566    x$fpl$dmul          fz_wm.l(dmul.o)
    0x08004a74   0x08004a74   0x0000009c   Code   RO          568    x$fpl$dnaninf       fz_wm.l(dnaninf.o)
    0x08004b10   0x08004b10   0x0000000c   Code   RO          591    x$fpl$dretinf       fz_wm.l(dretinf.o)
    0x08004b1c   0x08004b1c   0x0000006c   Code   RO          536    x$fpl$drleqf        fz_wm.l(drleqf.o)
    0x08004b88   0x08004b88   0x0000001a   Code   RO          418    x$fpl$fpinit        fz_wm.l(fpinit.o)
    0x08004ba2   0x08004ba2   0x0000000a   Code   RO          570    x$fpl$fretinf       fz_wm.l(fretinf.o)
    0x08004bac   0x08004bac   0x00000006   Code   RO          487    x$fpl$ieeestatus    fz_wm.l(istatus.o)
    0x08004bb2   0x08004bb2   0x00000004   Code   RO          357    x$fpl$printf1       fz_wm.l(printf1.o)
    0x08004bb6   0x08004bb6   0x00000004   Code   RO          359    x$fpl$printf2       fz_wm.l(printf2.o)
    0x08004bba   0x08004bba   0x00000064   Code   RO          659    x$fpl$retnan        fz_wm.l(retnan.o)
    0x08004c1e   0x08004c1e   0x0000005c   Code   RO          593    x$fpl$scalbn        fz_wm.l(scalbn.o)
    0x08004c7a   0x08004c7a   0x00000004   Code   RO          365    x$fpl$scanf1        fz_wm.l(scanf1.o)
    0x08004c7e   0x08004c7e   0x00000008   Code   RO          489    x$fpl$scanf2        fz_wm.l(scanf2.o)
    0x08004c86   0x08004c86   0x00000030   Code   RO          661    x$fpl$trapveneer    fz_wm.l(trapv.o)
    0x08004cb6   0x08004cb6   0x00000000   Code   RO          495    x$fpl$usenofp       fz_wm.l(usenofp.o)
    0x08004cb6   0x08004cb6   0x00000002   PAD
    0x08004cb8   0x08004cb8   0x00000008   Data   RO          220    .constdata          c_w.l(_printf_wctomb.o)
    0x08004cc0   0x08004cc0   0x00000028   Data   RO          249    .constdata          c_w.l(_printf_hex_int_ll_ptr.o)
    0x08004ce8   0x08004ce8   0x00000011   Data   RO          269    .constdata          c_w.l(__printf_flags_ss_wp.o)
    0x08004cf9   0x08004cf9   0x00000026   Data   RO          393    .constdata          c_w.l(_printf_fp_hex.o)
    0x08004d1f   0x08004d1f   0x00000001   PAD
    0x08004d20   0x08004d20   0x00000094   Data   RO          439    .constdata          c_w.l(bigflt0.o)
    0x08004db4   0x08004db4   0x000000e6   Data   RO           27    .rodata.str1.1      main.o
    0x08004e9a   0x08004e9a   0x0000000d   Data   RO          124    .rodata.str1.1      i2c.o
    0x08004ea7   0x08004ea7   0x00000001   PAD
    0x08004ea8   0x08004ea8   0x00000020   Data   RO          664    Region$$Table       anon$$obj.o
    0x08004ec8   0x08004ec8   0x00000008   Data   RO          483    c$$dinf             fz_wm.l(fpconst.o)
    0x08004ed0   0x08004ed0   0x00000008   Data   RO          486    c$$dmax             fz_wm.l(fpconst.o)
    0x08004ed8   0x08004ed8   0x0000001c   Data   RO          468    locale$$data        c_w.l(lc_numeric_c.o)
    0x08004ef4   0x08004ef4   0x00000110   Data   RO          525    locale$$data        c_w.l(lc_ctype_c.o)


    Execution Region ER_RW (Exec base: 0x20000000, Load base: 0x08005004, Size: 0x00000024, Max: 0xffffffff, ABSOLUTE)

    Exec Addr    Load Addr    Size         Type   Attr      Idx    E Section Name        Object

    0x20000000   0x08005004   0x00000004   Data   RW           31    .data.G1            main.o
    0x20000004   0x08005008   0x00000004   Data   RW           35    .data.G2            main.o
    0x20000008   0x0800500c   0x00000004   Data   RW           33    .data.R1            main.o
    0x2000000c   0x08005010   0x00000004   Data   RW           37    .data.R2            main.o
    0x20000010   0x08005014   0x00000004   Data   RW           32    .data.Y1            main.o
    0x20000014   0x08005018   0x00000004   Data   RW           36    .data.Y2            main.o
    0x20000018   0x0800501c   0x00000004   Data   RW           22    .data.trafficTime   main.o
    0x2000001c   0x08005020   0x00000004   Data   RW           34    .data.u1            main.o
    0x20000020   0x08005024   0x00000004   Data   RW           38    .data.u2            main.o


    Execution Region ER_ZI (Exec base: 0x20000028, Load base: 0x08005028, Size: 0x00018f90, Max: 0xffffffff, ABSOLUTE)

    Exec Addr    Load Addr    Size         Type   Attr      Idx    E Section Name        Object

    0x20000028        -       0x000000e4   Zero   RW          187    .bss                c_w.l(rand.o)
    0x2000010c        -       0x00000060   Zero   RW          511    .bss                c_w.l(libspace.o)
    0x2000016c        -       0x00000004   Zero   RW           24    .bss.Flag           main.o
    0x20000170        -       0x000186a0   Zero   RW           41    .bss.Log            main.o
    0x20018810        -       0x00000004   Zero   RW           23    .bss.TotalTimeCount  main.o
    0x20018814        -       0x00000001   Zero   RW           30    .bss.ch             main.o
    0x20018815        -       0x00000064   Zero   RW           25    .bss.input_buffer   main.o
    0x20018879   0x08005028   0x00000003   PAD
    0x2001887c        -       0x00000004   Zero   RW           39    .bss.j              main.o
    0x20018880        -       0x00000004   Zero   RW           26    .bss.k              main.o
    0x20018884        -       0x00000004   Zero   RW           87    .bss.msTicks        sys_init.o
    0x20018888        -       0x00000064   Zero   RW           42    .bss.output_buffer  main.o
    0x200188ec        -       0x00000064   Zero   RW           40    .bss.reply          main.o
    0x20018950        -       0x00000032   Zero   RW           28    .bss.str1           main.o
    0x20018982        -       0x00000032   Zero   RW           29    .bss.str2           main.o
    0x200189b4        -       0x00000004   Zero   RW           43    .bss.time_delay_cnt  main.o
    0x200189b8        -       0x00000200   Zero   RW          157    HEAP                startup_stm32f446xx.o
    0x20018bb8        -       0x00000400   Zero   RW          156    STACK               startup_stm32f446xx.o


==============================================================================

Image component sizes


      Code (inc. data)   RO Data    RW Data    ZI Data      Debug   Object Name

       214          0          0          0          0       1758   clock.o
       194          0          0          0          0       2518   gpio.o
       860          0         13          0          0       6191   i2c.o
      2610          0        230         36     100421       5036   main.o
        64         26        452          0       1536        880   startup_stm32f446xx.o
       228          0          0          0          4       4639   sys_init.o
        18          0          0          0          0       2719   system_stm32f4xx.o
       134          0          0          0          0       4544   timer.o
       302          0          0          0          0       6069   usart.o

    ----------------------------------------------------------------------
      4660         26        728         36     101964      34354   Object Totals
         0          0         32          0          0          0   (incl. Generated)
        36          0          1          0          3          0   (incl. Padding)

    ----------------------------------------------------------------------

      Code (inc. data)   RO Data    RW Data    ZI Data      Debug   Library Member Name

         8          0          0          0          0         68   __main.o
       392          4         17          0          0         92   __printf_flags_ss_wp.o
        14          0          0          0          0         68   __printf_wp.o
         0          0          0          0          0          0   __rtentry.o
        12          0          0          0          0          0   __rtentry2.o
         6          0          0          0          0          0   __rtentry4.o
        52          8          0          0          0          0   __scatter.o
        26          0          0          0          0          0   __scatter_copy.o
        28          0          0          0          0          0   __scatter_zi.o
        72          0          0          0          0         96   _c16rtomb.o
        28          0          0          0          0         68   _chval.o
        64          0          0          0          0         84   _mbrtoc16.o
         6          0          0          0          0          0   _printf_a.o
         6          0          0          0          0          0   _printf_c.o
        44          0          0          0          0        108   _printf_char.o
        48          6          0          0          0         96   _printf_char_common.o
        40          0          0          0          0         68   _printf_charcount.o
         6          0          0          0          0          0   _printf_d.o
       120         16          0          0          0         92   _printf_dec.o
         6          0          0          0          0          0   _printf_e.o
         6          0          0          0          0          0   _printf_f.o
      1052          0          0          0          0        148   _printf_fp_dec.o
       764          8         38          0          0        100   _printf_fp_hex.o
       128         16          0          0          0         84   _printf_fp_infnan.o
         6          0          0          0          0          0   _printf_g.o
       148          4         40          0          0        160   _printf_hex_int_ll_ptr.o
         6          0          0          0          0          0   _printf_i.o
       178          0          0          0          0         88   _printf_intcommon.o
        10          0          0          0          0          0   _printf_l.o
         6          0          0          0          0          0   _printf_lc.o
        10          0          0          0          0          0   _printf_ll.o
         6          0          0          0          0          0   _printf_lld.o
         6          0          0          0          0          0   _printf_lli.o
         6          0          0          0          0          0   _printf_llo.o
         6          0          0          0          0          0   _printf_llu.o
         6          0          0          0          0          0   _printf_llx.o
       124         16          0          0          0         92   _printf_longlong_dec.o
         6          0          0          0          0          0   _printf_ls.o
         6          0          0          0          0          0   _printf_n.o
         6          0          0          0          0          0   _printf_o.o
       112          8          0          0          0        124   _printf_oct_int_ll.o
         6          0          0          0          0          0   _printf_p.o
        78          0          0          0          0        108   _printf_pad.o
         0          0          0          0          0          0   _printf_percent.o
         4          0          0          0          0          0   _printf_percent_end.o
         6          0          0          0          0          0   _printf_s.o
        82          0          0          0          0         80   _printf_str.o
        36          0          0          0          0         84   _printf_truncate.o
         6          0          0          0          0          0   _printf_u.o
        44          0          0          0          0        108   _printf_wchar.o
       188          6          8          0          0         92   _printf_wctomb.o
         6          0          0          0          0          0   _printf_x.o
        22          0          0          0          0        100   _rserrno.o
       884          6          0          0          0        100   _scanf.o
       332          0          0          0          0         96   _scanf_int.o
       342          0          0          0          0        100   _scanf_longlong.o
       276          0          0          0          0        100   _scanf_mbtowc.o
       224          0          0          0          0         96   _scanf_str.o
        30          0          0          0          0         76   _scanf_wcharmap.o
       232          0          0          0          0        100   _scanf_wctomb.o
       208          0          0          0          0         96   _scanf_wstr.o
        64          0          0          0          0         84   _sgetc.o
        10          0          0          0          0         68   _sputc.o
       228          4        148          0          0         96   bigflt0.o
      2152        136          0          0          0        956   btod.o
        18          0          0          0          0         80   exit.o
         6          0          0          0          0        152   heapauxi.o
         0          0          0          0          0          0   indicate_semi.o
        18          0          0          0          0         76   isspace.o
        44         10        272          0          0         76   lc_ctype_c.o
        44         10         28          0          0         76   lc_numeric_c.o
         2          0          0          0          0          0   libinit.o
        38          0          0          0          0          0   libinit2.o
         2          0          0          0          0          0   libshutdown.o
         2          0          0          0          0          0   libshutdown2.o
         8          4          0          0         96         68   libspace.o
        38          0          0          0          0         68   llshl.o
       138          0          0          0          0         80   lludiv10.o
       112         18          0          0        228        160   rand.o
        16          4          0          0          0         76   rt_ctype_table.o
         8          4          0          0          0         68   rt_errno_addr_intlibspace.o
         8          4          0          0          0         68   rt_locale_intlibspace.o
         2          0          0          0          0          0   rtexit.o
        10          0          0          0          0          0   rtexit2.o
        44          8          0          0          0         84   scanf_char.o
      1272         16          0          0          0        168   scanf_fp.o
       800         14          0          0          0        100   scanf_hexfp.o
       308         16          0          0          0        100   scanf_infnan.o
        44          6          0          0          0         84   sprintf.o
        60          8          0          0          0         84   sscanf.o
        24          0          0          0          0         68   strcat.o
       124          0          0          0          0         88   strcmpv7em.o
        72          0          0          0          0         80   strcpy.o
        62          0          0          0          0         76   strlen.o
        12          4          0          0          0         68   sys_exit.o
        74          0          0          0          0         80   sys_stackheap_outer.o
         2          0          0          0          0         68   use_no_semi.o
        98          4          0          0          0        140   d2f.o
        16          4          0          0          0        116   dcheck1.o
        24          0          0          0          0        116   dcmpi.o
       120          4          0          0          0        140   deqf.o
       120          4          0          0          0        140   dleqf.o
       340         12          0          0          0        152   dmul.o
       156          4          0          0          0        140   dnaninf.o
        12          0          0          0          0        116   dretinf.o
       108          0          0          0          0        128   drleqf.o
         0          0         16          0          0          0   fpconst.o
        26          0          0          0          0        116   fpinit.o
        10          0          0          0          0        116   fretinf.o
         6          0          0          0          0        116   istatus.o
         4          0          0          0          0        116   printf1.o
         4          0          0          0          0        116   printf2.o
       100          0          0          0          0        116   retnan.o
        92          0          0          0          0        116   scalbn.o
         4          0          0          0          0        116   scanf1.o
         8          0          0          0          0        132   scanf2.o
        48          0          0          0          0        116   trapv.o
         0          0          0          0          0          0   usenofp.o
        64         16          0          0          0        248   dunder.o
        48          0          0          0          0        124   fpclassify.o
       140         22          0          0          0        132   frexp.o
       228          8          0          0          0        308   ldexp.o
       266         16          0          0          0        308   narrow.o

    ----------------------------------------------------------------------
     14528        458        568          0        324       9856   Library Totals
        38          0          1          0          0          0   (incl. Padding)

    ----------------------------------------------------------------------

      Code (inc. data)   RO Data    RW Data    ZI Data      Debug   Library Name

     12448        364        551          0        324       6372   c_w.l
      1296         32         16          0          0       2364   fz_wm.l
       746         62          0          0          0       1120   m_wm.l

    ----------------------------------------------------------------------
     14528        458        568          0        324       9856   Library Totals

    ----------------------------------------------------------------------

==============================================================================


      Code (inc. data)   RO Data    RW Data    ZI Data      Debug   

     19188        484       1296         36     102288      38086   Grand Totals
     19188        484       1296         36     102288      38086   ELF Image Totals
     19188        484       1296         36          0          0   ROM Totals

==============================================================================

    Total RO  Size (Code + RO Data)                20484 (  20.00kB)
    Total RW  Size (RW Data + ZI Data)            102324 (  99.93kB)
    Total ROM Size (Code + RO Data + RW Data)      20520 (  20.04kB)

==============================================================================

